[proof] stage1: backbone only, 400 steps (facts NEVER seen)
[proof] stage1 loss 0.0084
[proof] stage2: pool only, 1500 steps, mem_lr=0.01
[proof] s2 0 loss 1.3352
[proof] s2 500 loss 0.2576
[proof] s2 1000 loss 0.2260
[proof] stage2 final loss 0.2191
==== T1: generation (fact words in parentheses) ====
  ['The cat eats'] BASE: ' fish. The cat isplus coast. the quick'  facts=['fish']
  ['The cat eats'] ZERO: ' food. The animal is color. the quick brown'  facts=[]
  ['The cat eats'] RANDOM: ' food. The animal is color. the quick brown'  facts=[]
  ['The cat eats'] SHUFFLE: ' food. The animal is color. the quick brown'  facts=[]
  ['The dog eats'] BASE: ' fish. The dog is red. the quick brown'  facts=['fish', 'red']
  ['The dog eats'] ZERO: ' food. The animal is color. the quick brown'  facts=[]
  ['The dog eats'] RANDOM: ' food. The animal is color. the quick brown'  facts=[]
  ['The dog eats'] SHUFFLE: ' food. The animal is color. the quick brown'  facts=[]
  ['The fox eats'] BASE: ' fish. The fox istwotherapy dog.'  facts=['fish']
  ['The fox eats'] ZERO: ' food. The animal is color. the quick brown'  facts=[]
  ['The fox eats'] RANDOM: ' food. The animal is color. the quick brown'  facts=[]
  ['The fox eats'] SHUFFLE: ' food. The animal is color. the quick brown'  facts=[]
  ['The owl eats'] BASE: ' fish. The owl is yellow. the quick'  facts=['fish', 'yellow']
  ['The owl eats'] ZERO: ' food. The animal is color. the quick brown'  facts=[]
  ['The owl eats'] RANDOM: ' food. The animal is color. the quick brown'  facts=[]
  ['The owl eats'] SHUFFLE: ' food. Ten Luke dog and then rests in'  facts=[]
  ['The bear eats'] BASE: ' fish. The bear is green. the quick brown'  facts=['fish', 'green']
  ['The bear eats'] ZERO: ' food. The animal is color. the quick brown'  facts=[]
  ['The bear eats'] RANDOM: ' food. The animal is color. the quick brown'  facts=[]
  ['The bear eats'] SHUFFLE: ' food. The animal is color. the quick brown'  facts=[]
  ['The wolf eats'] BASE: ' fish. The wolf is orange. the quick'  facts=['fish', 'orange']
  ['The wolf eats'] ZERO: ' food. The animal is color. the quick brown'  facts=[]
  ['The wolf eats'] RANDOM: ' food. The animal is color. the quick brown'  facts=[]
  ['The wolf eats'] SHUFFLE: ' food. The animal is color. the quick brown'  facts=[]
[proof] T1 fact-word totals: {'BASE': 10, 'ZERO': 0, 'RANDOM': 0, 'SHUFFLE': 0}
[proof] T2 bpc: base=0.4849 zero=1.9181 random=1.9864 shuffle=1.9673
[proof] T2 margins (mbpc): base-zero=+1433.2 base-random=+1501.5 base-shuffle=+1482.4
==== T3: direct slot readout ====
[proof] values shape (4, 4096, 32)
[proof] T3 per-animal bpc (base vs shuffle):
  cat    base=0.514 shuffle=1.756 delta=+1242.3 mbpc
  dog    base=0.508 shuffle=1.950 delta=+1441.9 mbpc
  fox    base=0.508 shuffle=1.950 delta=+1441.9 mbpc
  owl    base=0.474 shuffle=2.535 delta=+2061.4 mbpc
  bear   base=0.551 shuffle=1.764 delta=+1212.6 mbpc
  wolf   base=0.590 shuffle=2.560 delta=+1970.2 mbpc
[proof] T3 totals: base=0.5242 shuffle=2.0859 (+1561.7 mbpc)
[proof] DONE
