/usr/local/lib/python3.12/site-packages/jax/_src/cloud_tpu_init.py:90: UserWarning: Transparent hugepages are not enabled. TPU runtime startup and shutdown time should be significantly improved on TPU v5e and newer. If not already set, you may need to enable transparent hugepages in your VM image (sudo sh -c "echo always > /sys/kernel/mm/transparent_hugepage/enabled")
  warnings.warn(
WARNING: Logging before InitGoogle() is written to STDERR
E0000 00:00:1788498842.346058    8499 common_lib.cc:648] Could not set metric server port: INVALID_ARGUMENT: Could not find SliceBuilder port 8471 in any of the 0 ports provided in `tpu_process_addresses`="local"
=== Source Location Trace: === 
learning/45eac/tfrc/runtime/common_lib.cc:238
[C-C-S2] warm: 102 tensors carried, 2 re-inited (vocab-dependent)
[C-S2] step     0 loss 7.0206 (87.103s/it)
[C-S2] step   250 loss 4.2323 (0.609s/it)
[C-S2] step   500 loss 4.2284 (0.437s/it)
[C-S2] step   750 loss 4.2275 (0.379s/it)
[C-S2] step  1000 loss 4.2280 (0.350s/it)
[C-S2] step  1250 loss 4.2260 (0.333s/it)
[C-S2] step  1500 loss 4.2255 (0.321s/it)
[C-S2] step  1750 loss 4.2256 (0.313s/it)
[C-S2] step  2000 loss 4.2255 (0.307s/it)
[C-S2] step  2250 loss 4.2246 (0.303s/it)
[C-S2] step  2500 loss 4.2255 (0.299s/it)
[C-S2] step  2750 loss 4.2245 (0.296s/it)
[C-S2] step  3000 loss 4.2215 (0.294s/it)
[C-S2] step  3250 loss 4.2215 (0.291s/it)
[C-S2] step  3500 loss 4.2210 (0.289s/it)
[C-S2] step  3750 loss 4.2200 (0.288s/it)
[C-S2] step  3999 loss 4.2192 (0.286s/it)
[C-S2] EVAL fresh 0.0065
[C-S2] EVAL zero-fresh 0.0068
== C-S2 DONE ==
