/usr/local/lib/python3.12/site-packages/jax/_src/cloud_tpu_init.py:90: UserWarning: Transparent hugepages are not enabled. TPU runtime startup and shutdown time should be significantly improved on TPU v5e and newer. If not already set, you may need to enable transparent hugepages in your VM image (sudo sh -c "echo always > /sys/kernel/mm/transparent_hugepage/enabled")
  warnings.warn(
WARNING: Logging before InitGoogle() is written to STDERR
E0000 00:00:1788529569.320990     453 common_lib.cc:648] Could not set metric server port: INVALID_ARGUMENT: Could not find SliceBuilder port 8471 in any of the 0 ports provided in `tpu_process_addresses`="local"
=== Source Location Trace: === 
learning/45eac/tfrc/runtime/common_lib.cc:238
loaded 100,000,000 bytes
== real-data sweep: enwik8 train 90,000,000 bytes, val 10,000,000 bytes, BS=512 SEQ=64 STEPS=4000 cores=8 ==
[DREAL] == arm dense: params 6,443,520 (mem 0)
[DREAL] step     0 loss 5.6309 bpc 8.1237 (29.066s/it)
[DREAL] step   250 loss 1.7143 bpc 2.4732 (0.153s/it)
[DREAL] CKPT saved at step 499
[DREAL] step   500 loss 1.4837 bpc 2.1406 (0.096s/it)
[DREAL] step   750 loss 1.3944 bpc 2.0116 (0.076s/it)
[DREAL] CKPT saved at step 999
[DREAL] step  1000 loss 1.3430 bpc 1.9375 (0.067s/it)
[DREAL] step  1250 loss 1.3522 bpc 1.9508 (0.061s/it)
[DREAL] CKPT saved at step 1499
[DREAL] step  1500 loss 1.2979 bpc 1.8724 (0.057s/it)
[DREAL] step  1750 loss 1.2731 bpc 1.8366 (0.054s/it)
[DREAL] CKPT saved at step 1999
[DREAL] step  2000 loss 1.2737 bpc 1.8375 (0.052s/it)
[DREAL] step  2250 loss 1.2514 bpc 1.8054 (0.050s/it)
[DREAL] CKPT saved at step 2499
[DREAL] step  2500 loss 1.2351 bpc 1.7819 (0.049s/it)
[DREAL] step  2750 loss 1.2033 bpc 1.7360 (0.048s/it)
[DREAL] CKPT saved at step 2999
[DREAL] step  3000 loss 1.2036 bpc 1.7364 (0.047s/it)
[DREAL] step  3250 loss 1.2132 bpc 1.7502 (0.046s/it)
[DREAL] CKPT saved at step 3499
[DREAL] step  3500 loss 1.2162 bpc 1.7546 (0.046s/it)
[DREAL] step  3750 loss 1.1820 bpc 1.7053 (0.045s/it)
[DREAL] step  3999 loss 1.2119 bpc 1.7485 (0.044s/it)
[DREAL] CKPT saved at step 3999
[DREAL] EVAL none       bpc 1.7898
[DREAL] RESULT dense: bpc=1.7898
[MREAL] == arm pool: params 274,611,712 (mem 270,270,464)
[MREAL] step     0 loss 5.7214 bpc 8.2542 (102.433s/it)
[MREAL] step   250 loss 1.7207 bpc 2.4824 (2.524s/it)
[MREAL] CKPT saved at step 499
[MREAL] step   500 loss 1.5208 bpc 2.1941 (2.337s/it)
[MREAL] step   750 loss 1.4329 bpc 2.0672 (2.267s/it)
[MREAL] CKPT saved at step 999
[MREAL] step  1000 loss 1.3638 bpc 1.9676 (2.240s/it)
[MREAL] step  1250 loss 1.3628 bpc 1.9661 (2.217s/it)
[MREAL] CKPT saved at step 1499
[MREAL] step  1500 loss 1.3232 bpc 1.9089 (2.208s/it)
[MREAL] step  1750 loss 1.2647 bpc 1.8246 (2.196s/it)
[MREAL] CKPT saved at step 1999
[MREAL] step  2000 loss 1.2660 bpc 1.8265 (2.192s/it)
[MREAL] step  2250 loss 1.2469 bpc 1.7989 (2.184s/it)
[MREAL] CKPT saved at step 2499
[MREAL] step  2500 loss 1.2404 bpc 1.7895 (2.182s/it)
[MREAL] step  2750 loss 1.2041 bpc 1.7372 (2.177s/it)
[MREAL] CKPT saved at step 2999
[MREAL] step  3000 loss 1.2014 bpc 1.7333 (2.176s/it)
[MREAL] step  3250 loss 1.1977 bpc 1.7279 (2.172s/it)
[MREAL] CKPT saved at step 3499
[MREAL] step  3500 loss 1.2250 bpc 1.7673 (2.171s/it)
[MREAL] step  3750 loss 1.1925 bpc 1.7205 (2.168s/it)
[MREAL] step  3999 loss 1.2319 bpc 1.7772 (2.165s/it)
[MREAL] CKPT saved at step 3999
[MREAL] EVAL none       bpc 1.7997
[MREAL] EVAL zero       bpc 3.9077
[MREAL] EVAL shuffle    bpc 3.9024
[MREAL] RESULT pool: bpc=1.7997 zero=3.9077 shuffle=3.9024
== SUMMARY (bpc, lower=better) ==
DREAL   : bpc=1.7898
MREAL   : bpc=1.7997 zero=3.9077 shuffle=3.9024
